{"ts": "2026-02-05T22:12:49.429058", "event_type": "bot_start", "payload": {"mode": "paper", "state": {"mode": "RUN", "pause_until_iso": null, "pause_reason": null, "daily_pnl_usd": 0.0, "hourly_pnl_usd": 0.0, "trades_today": 0, "last_trade_ts_iso": null, "active_position": null, "last_price_ts_iso": null, "safe_reason": null}}}
{"ts": "2026-02-05T22:12:50.699143", "event_type": "loop_error", "payload": {"error": "HTTPSConnectionPool(host='replace_indexer_endpoint', port=443): Max retries exceeded with url: /tokens/top?top_n=25&window=5m (Caused by NameResolutionError(\"HTTPSConnection(host='replace_indexer_endpoint', port=443): Failed to resolve 'replace_indexer_endpoint' ([Errno 11001] getaddrinfo failed)\"))"}}
{"ts": "2026-02-05T22:12:54.540830", "event_type": "loop_error", "payload": {"error": "HTTPSConnectionPool(host='replace_indexer_endpoint', port=443): Max retries exceeded with url: /tokens/top?top_n=25&window=5m (Caused by NameResolutionError(\"HTTPSConnection(host='replace_indexer_endpoint', port=443): Failed to resolve 'replace_indexer_endpoint' ([Errno 11001] getaddrinfo failed)\"))"}}
{"ts": "2026-02-05T22:12:58.381007", "event_type": "loop_error", "payload": {"error": "HTTPSConnectionPool(host='replace_indexer_endpoint', port=443): Max retries exceeded with url: /tokens/top?top_n=25&window=5m (Caused by NameResolutionError(\"HTTPSConnection(host='replace_indexer_endpoint', port=443): Failed to resolve 'replace_indexer_endpoint' ([Errno 11001] getaddrinfo failed)\"))"}}
{"ts": "2026-02-05T22:13:02.228493", "event_type": "loop_error", "payload": {"error": "HTTPSConnectionPool(host='replace_indexer_endpoint', port=443): Max retries exceeded with url: /tokens/top?top_n=25&window=5m (Caused by NameResolutionError(\"HTTPSConnection(host='replace_indexer_endpoint', port=443): Failed to resolve 'replace_indexer_endpoint' ([Errno 11001] getaddrinfo failed)\"))"}}
{"ts": "2026-02-05T22:13:06.078354", "event_type": "loop_error", "payload": {"error": "HTTPSConnectionPool(host='replace_indexer_endpoint', port=443): Max retries exceeded with url: /tokens/top?top_n=25&window=5m (Caused by NameResolutionError(\"HTTPSConnection(host='replace_indexer_endpoint', port=443): Failed to resolve 'replace_indexer_endpoint' ([Errno 11001] getaddrinfo failed)\"))"}}
{"ts": "2026-02-05T22:13:09.928317", "event_type": "loop_error", "payload": {"error": "HTTPSConnectionPool(host='replace_indexer_endpoint', port=443): Max retries exceeded with url: /tokens/top?top_n=25&window=5m (Caused by NameResolutionError(\"HTTPSConnection(host='replace_indexer_endpoint', port=443): Failed to resolve 'replace_indexer_endpoint' ([Errno 11001] getaddrinfo failed)\"))"}}
{"ts": "2026-02-05T22:13:13.770232", "event_type": "loop_error", "payload": {"error": "HTTPSConnectionPool(host='replace_indexer_endpoint', port=443): Max retries exceeded with url: /tokens/top?top_n=25&window=5m (Caused by NameResolutionError(\"HTTPSConnection(host='replace_indexer_endpoint', port=443): Failed to resolve 'replace_indexer_endpoint' ([Errno 11001] getaddrinfo failed)\"))"}}
{"ts": "2026-02-05T22:13:17.616431", "event_type": "loop_error", "payload": {"error": "HTTPSConnectionPool(host='replace_indexer_endpoint', port=443): Max retries exceeded with url: /tokens/top?top_n=25&window=5m (Caused by NameResolutionError(\"HTTPSConnection(host='replace_indexer_endpoint', port=443): Failed to resolve 'replace_indexer_endpoint' ([Errno 11001] getaddrinfo failed)\"))"}}
{"ts": "2026-02-05T22:13:21.461190", "event_type": "loop_error", "payload": {"error": "HTTPSConnectionPool(host='replace_indexer_endpoint', port=443): Max retries exceeded with url: /tokens/top?top_n=25&window=5m (Caused by NameResolutionError(\"HTTPSConnection(host='replace_indexer_endpoint', port=443): Failed to resolve 'replace_indexer_endpoint' ([Errno 11001] getaddrinfo failed)\"))"}}
{"ts": "2026-02-05T22:13:25.305644", "event_type": "loop_error", "payload": {"error": "HTTPSConnectionPool(host='replace_indexer_endpoint', port=443): Max retries exceeded with url: /tokens/top?top_n=25&window=5m (Caused by NameResolutionError(\"HTTPSConnection(host='replace_indexer_endpoint', port=443): Failed to resolve 'replace_indexer_endpoint' ([Errno 11001] getaddrinfo failed)\"))"}}
{"ts": "2026-02-05T22:13:29.147567", "event_type": "loop_error", "payload": {"error": "HTTPSConnectionPool(host='replace_indexer_endpoint', port=443): Max retries exceeded with url: /tokens/top?top_n=25&window=5m (Caused by NameResolutionError(\"HTTPSConnection(host='replace_indexer_endpoint', port=443): Failed to resolve 'replace_indexer_endpoint' ([Errno 11001] getaddrinfo failed)\"))"}}
{"ts": "2026-02-05T22:13:32.988290", "event_type": "loop_error", "payload": {"error": "HTTPSConnectionPool(host='replace_indexer_endpoint', port=443): Max retries exceeded with url: /tokens/top?top_n=25&window=5m (Caused by NameResolutionError(\"HTTPSConnection(host='replace_indexer_endpoint', port=443): Failed to resolve 'replace_indexer_endpoint' ([Errno 11001] getaddrinfo failed)\"))"}}
{"ts": "2026-02-05T22:13:36.838548", "event_type": "loop_error", "payload": {"error": "HTTPSConnectionPool(host='replace_indexer_endpoint', port=443): Max retries exceeded with url: /tokens/top?top_n=25&window=5m (Caused by NameResolutionError(\"HTTPSConnection(host='replace_indexer_endpoint', port=443): Failed to resolve 'replace_indexer_endpoint' ([Errno 11001] getaddrinfo failed)\"))"}}
{"ts": "2026-02-05T22:13:40.685834", "event_type": "loop_error", "payload": {"error": "HTTPSConnectionPool(host='replace_indexer_endpoint', port=443): Max retries exceeded with url: /tokens/top?top_n=25&window=5m (Caused by NameResolutionError(\"HTTPSConnection(host='replace_indexer_endpoint', port=443): Failed to resolve 'replace_indexer_endpoint' ([Errno 11001] getaddrinfo failed)\"))"}}
{"ts": "2026-02-05T22:13:44.534791", "event_type": "loop_error", "payload": {"error": "HTTPSConnectionPool(host='replace_indexer_endpoint', port=443): Max retries exceeded with url: /tokens/top?top_n=25&window=5m (Caused by NameResolutionError(\"HTTPSConnection(host='replace_indexer_endpoint', port=443): Failed to resolve 'replace_indexer_endpoint' ([Errno 11001] getaddrinfo failed)\"))"}}
{"ts": "2026-02-05T22:13:48.372511", "event_type": "loop_error", "payload": {"error": "HTTPSConnectionPool(host='replace_indexer_endpoint', port=443): Max retries exceeded with url: /tokens/top?top_n=25&window=5m (Caused by NameResolutionError(\"HTTPSConnection(host='replace_indexer_endpoint', port=443): Failed to resolve 'replace_indexer_endpoint' ([Errno 11001] getaddrinfo failed)\"))"}}
{"ts": "2026-02-05T22:13:52.215467", "event_type": "loop_error", "payload": {"error": "HTTPSConnectionPool(host='replace_indexer_endpoint', port=443): Max retries exceeded with url: /tokens/top?top_n=25&window=5m (Caused by NameResolutionError(\"HTTPSConnection(host='replace_indexer_endpoint', port=443): Failed to resolve 'replace_indexer_endpoint' ([Errno 11001] getaddrinfo failed)\"))"}}
{"ts": "2026-02-05T22:13:56.063381", "event_type": "loop_error", "payload": {"error": "HTTPSConnectionPool(host='replace_indexer_endpoint', port=443): Max retries exceeded with url: /tokens/top?top_n=25&window=5m (Caused by NameResolutionError(\"HTTPSConnection(host='replace_indexer_endpoint', port=443): Failed to resolve 'replace_indexer_endpoint' ([Errno 11001] getaddrinfo failed)\"))"}}
{"ts": "2026-02-05T22:13:59.900867", "event_type": "loop_error", "payload": {"error": "HTTPSConnectionPool(host='replace_indexer_endpoint', port=443): Max retries exceeded with url: /tokens/top?top_n=25&window=5m (Caused by NameResolutionError(\"HTTPSConnection(host='replace_indexer_endpoint', port=443): Failed to resolve 'replace_indexer_endpoint' ([Errno 11001] getaddrinfo failed)\"))"}}
{"ts": "2026-02-05T22:14:03.742018", "event_type": "loop_error", "payload": {"error": "HTTPSConnectionPool(host='replace_indexer_endpoint', port=443): Max retries exceeded with url: /tokens/top?top_n=25&window=5m (Caused by NameResolutionError(\"HTTPSConnection(host='replace_indexer_endpoint', port=443): Failed to resolve 'replace_indexer_endpoint' ([Errno 11001] getaddrinfo failed)\"))"}}
{"ts": "2026-02-05T22:14:07.577339", "event_type": "loop_error", "payload": {"error": "HTTPSConnectionPool(host='replace_indexer_endpoint', port=443): Max retries exceeded with url: /tokens/top?top_n=25&window=5m (Caused by NameResolutionError(\"HTTPSConnection(host='replace_indexer_endpoint', port=443): Failed to resolve 'replace_indexer_endpoint' ([Errno 11001] getaddrinfo failed)\"))"}}
{"ts": "2026-02-05T22:14:11.425024", "event_type": "loop_error", "payload": {"error": "HTTPSConnectionPool(host='replace_indexer_endpoint', port=443): Max retries exceeded with url: /tokens/top?top_n=25&window=5m (Caused by NameResolutionError(\"HTTPSConnection(host='replace_indexer_endpoint', port=443): Failed to resolve 'replace_indexer_endpoint' ([Errno 11001] getaddrinfo failed)\"))"}}
{"ts": "2026-02-05T22:14:15.276036", "event_type": "loop_error", "payload": {"error": "HTTPSConnectionPool(host='replace_indexer_endpoint', port=443): Max retries exceeded with url: /tokens/top?top_n=25&window=5m (Caused by NameResolutionError(\"HTTPSConnection(host='replace_indexer_endpoint', port=443): Failed to resolve 'replace_indexer_endpoint' ([Errno 11001] getaddrinfo failed)\"))"}}
{"ts": "2026-02-05T22:14:19.121932", "event_type": "loop_error", "payload": {"error": "HTTPSConnectionPool(host='replace_indexer_endpoint', port=443): Max retries exceeded with url: /tokens/top?top_n=25&window=5m (Caused by NameResolutionError(\"HTTPSConnection(host='replace_indexer_endpoint', port=443): Failed to resolve 'replace_indexer_endpoint' ([Errno 11001] getaddrinfo failed)\"))"}}
{"ts": "2026-02-05T22:14:22.960589", "event_type": "loop_error", "payload": {"error": "HTTPSConnectionPool(host='replace_indexer_endpoint', port=443): Max retries exceeded with url: /tokens/top?top_n=25&window=5m (Caused by NameResolutionError(\"HTTPSConnection(host='replace_indexer_endpoint', port=443): Failed to resolve 'replace_indexer_endpoint' ([Errno 11001] getaddrinfo failed)\"))"}}
{"ts": "2026-02-05T22:14:26.799839", "event_type": "loop_error", "payload": {"error": "HTTPSConnectionPool(host='replace_indexer_endpoint', port=443): Max retries exceeded with url: /tokens/top?top_n=25&window=5m (Caused by NameResolutionError(\"HTTPSConnection(host='replace_indexer_endpoint', port=443): Failed to resolve 'replace_indexer_endpoint' ([Errno 11001] getaddrinfo failed)\"))"}}
{"ts": "2026-02-05T22:14:30.641254", "event_type": "loop_error", "payload": {"error": "HTTPSConnectionPool(host='replace_indexer_endpoint', port=443): Max retries exceeded with url: /tokens/top?top_n=25&window=5m (Caused by NameResolutionError(\"HTTPSConnection(host='replace_indexer_endpoint', port=443): Failed to resolve 'replace_indexer_endpoint' ([Errno 11001] getaddrinfo failed)\"))"}}
{"ts": "2026-02-05T22:14:34.494272", "event_type": "loop_error", "payload": {"error": "HTTPSConnectionPool(host='replace_indexer_endpoint', port=443): Max retries exceeded with url: /tokens/top?top_n=25&window=5m (Caused by NameResolutionError(\"HTTPSConnection(host='replace_indexer_endpoint', port=443): Failed to resolve 'replace_indexer_endpoint' ([Errno 11001] getaddrinfo failed)\"))"}}
{"ts": "2026-02-05T22:14:38.345488", "event_type": "loop_error", "payload": {"error": "HTTPSConnectionPool(host='replace_indexer_endpoint', port=443): Max retries exceeded with url: /tokens/top?top_n=25&window=5m (Caused by NameResolutionError(\"HTTPSConnection(host='replace_indexer_endpoint', port=443): Failed to resolve 'replace_indexer_endpoint' ([Errno 11001] getaddrinfo failed)\"))"}}
{"ts": "2026-02-05T22:14:42.183114", "event_type": "loop_error", "payload": {"error": "HTTPSConnectionPool(host='replace_indexer_endpoint', port=443): Max retries exceeded with url: /tokens/top?top_n=25&window=5m (Caused by NameResolutionError(\"HTTPSConnection(host='replace_indexer_endpoint', port=443): Failed to resolve 'replace_indexer_endpoint' ([Errno 11001] getaddrinfo failed)\"))"}}
{"ts": "2026-02-05T22:14:46.026538", "event_type": "loop_error", "payload": {"error": "HTTPSConnectionPool(host='replace_indexer_endpoint', port=443): Max retries exceeded with url: /tokens/top?top_n=25&window=5m (Caused by NameResolutionError(\"HTTPSConnection(host='replace_indexer_endpoint', port=443): Failed to resolve 'replace_indexer_endpoint' ([Errno 11001] getaddrinfo failed)\"))"}}
{"ts": "2026-02-05T22:14:49.872120", "event_type": "loop_error", "payload": {"error": "HTTPSConnectionPool(host='replace_indexer_endpoint', port=443): Max retries exceeded with url: /tokens/top?top_n=25&window=5m (Caused by NameResolutionError(\"HTTPSConnection(host='replace_indexer_endpoint', port=443): Failed to resolve 'replace_indexer_endpoint' ([Errno 11001] getaddrinfo failed)\"))"}}
{"ts": "2026-02-05T22:14:53.717741", "event_type": "loop_error", "payload": {"error": "HTTPSConnectionPool(host='replace_indexer_endpoint', port=443): Max retries exceeded with url: /tokens/top?top_n=25&window=5m (Caused by NameResolutionError(\"HTTPSConnection(host='replace_indexer_endpoint', port=443): Failed to resolve 'replace_indexer_endpoint' ([Errno 11001] getaddrinfo failed)\"))"}}
{"ts": "2026-02-05T22:14:57.555531", "event_type": "loop_error", "payload": {"error": "HTTPSConnectionPool(host='replace_indexer_endpoint', port=443): Max retries exceeded with url: /tokens/top?top_n=25&window=5m (Caused by NameResolutionError(\"HTTPSConnection(host='replace_indexer_endpoint', port=443): Failed to resolve 'replace_indexer_endpoint' ([Errno 11001] getaddrinfo failed)\"))"}}
{"ts": "2026-02-05T22:15:01.391732", "event_type": "loop_error", "payload": {"error": "HTTPSConnectionPool(host='replace_indexer_endpoint', port=443): Max retries exceeded with url: /tokens/top?top_n=25&window=5m (Caused by NameResolutionError(\"HTTPSConnection(host='replace_indexer_endpoint', port=443): Failed to resolve 'replace_indexer_endpoint' ([Errno 11001] getaddrinfo failed)\"))"}}
{"ts": "2026-02-05T22:15:05.234569", "event_type": "loop_error", "payload": {"error": "HTTPSConnectionPool(host='replace_indexer_endpoint', port=443): Max retries exceeded with url: /tokens/top?top_n=25&window=5m (Caused by NameResolutionError(\"HTTPSConnection(host='replace_indexer_endpoint', port=443): Failed to resolve 'replace_indexer_endpoint' ([Errno 11001] getaddrinfo failed)\"))"}}
{"ts": "2026-02-05T22:15:09.078514", "event_type": "loop_error", "payload": {"error": "HTTPSConnectionPool(host='replace_indexer_endpoint', port=443): Max retries exceeded with url: /tokens/top?top_n=25&window=5m (Caused by NameResolutionError(\"HTTPSConnection(host='replace_indexer_endpoint', port=443): Failed to resolve 'replace_indexer_endpoint' ([Errno 11001] getaddrinfo failed)\"))"}}
{"ts": "2026-02-05T22:15:12.918631", "event_type": "loop_error", "payload": {"error": "HTTPSConnectionPool(host='replace_indexer_endpoint', port=443): Max retries exceeded with url: /tokens/top?top_n=25&window=5m (Caused by NameResolutionError(\"HTTPSConnection(host='replace_indexer_endpoint', port=443): Failed to resolve 'replace_indexer_endpoint' ([Errno 11001] getaddrinfo failed)\"))"}}
{"ts": "2026-02-05T22:15:16.759237", "event_type": "loop_error", "payload": {"error": "HTTPSConnectionPool(host='replace_indexer_endpoint', port=443): Max retries exceeded with url: /tokens/top?top_n=25&window=5m (Caused by NameResolutionError(\"HTTPSConnection(host='replace_indexer_endpoint', port=443): Failed to resolve 'replace_indexer_endpoint' ([Errno 11001] getaddrinfo failed)\"))"}}
{"ts": "2026-02-05T22:15:20.592040", "event_type": "loop_error", "payload": {"error": "HTTPSConnectionPool(host='replace_indexer_endpoint', port=443): Max retries exceeded with url: /tokens/top?top_n=25&window=5m (Caused by NameResolutionError(\"HTTPSConnection(host='replace_indexer_endpoint', port=443): Failed to resolve 'replace_indexer_endpoint' ([Errno 11001] getaddrinfo failed)\"))"}}
{"ts": "2026-02-05T22:15:24.435196", "event_type": "loop_error", "payload": {"error": "HTTPSConnectionPool(host='replace_indexer_endpoint', port=443): Max retries exceeded with url: /tokens/top?top_n=25&window=5m (Caused by NameResolutionError(\"HTTPSConnection(host='replace_indexer_endpoint', port=443): Failed to resolve 'replace_indexer_endpoint' ([Errno 11001] getaddrinfo failed)\"))"}}
{"ts": "2026-02-05T22:15:28.276470", "event_type": "loop_error", "payload": {"error": "HTTPSConnectionPool(host='replace_indexer_endpoint', port=443): Max retries exceeded with url: /tokens/top?top_n=25&window=5m (Caused by NameResolutionError(\"HTTPSConnection(host='replace_indexer_endpoint', port=443): Failed to resolve 'replace_indexer_endpoint' ([Errno 11001] getaddrinfo failed)\"))"}}
{"ts": "2026-02-05T22:15:32.117278", "event_type": "loop_error", "payload": {"error": "HTTPSConnectionPool(host='replace_indexer_endpoint', port=443): Max retries exceeded with url: /tokens/top?top_n=25&window=5m (Caused by NameResolutionError(\"HTTPSConnection(host='replace_indexer_endpoint', port=443): Failed to resolve 'replace_indexer_endpoint' ([Errno 11001] getaddrinfo failed)\"))"}}
{"ts": "2026-02-05T22:15:35.956663", "event_type": "loop_error", "payload": {"error": "HTTPSConnectionPool(host='replace_indexer_endpoint', port=443): Max retries exceeded with url: /tokens/top?top_n=25&window=5m (Caused by NameResolutionError(\"HTTPSConnection(host='replace_indexer_endpoint', port=443): Failed to resolve 'replace_indexer_endpoint' ([Errno 11001] getaddrinfo failed)\"))"}}
{"ts": "2026-02-05T22:15:39.795237", "event_type": "loop_error", "payload": {"error": "HTTPSConnectionPool(host='replace_indexer_endpoint', port=443): Max retries exceeded with url: /tokens/top?top_n=25&window=5m (Caused by NameResolutionError(\"HTTPSConnection(host='replace_indexer_endpoint', port=443): Failed to resolve 'replace_indexer_endpoint' ([Errno 11001] getaddrinfo failed)\"))"}}
{"ts": "2026-02-05T22:15:43.641634", "event_type": "loop_error", "payload": {"error": "HTTPSConnectionPool(host='replace_indexer_endpoint', port=443): Max retries exceeded with url: /tokens/top?top_n=25&window=5m (Caused by NameResolutionError(\"HTTPSConnection(host='replace_indexer_endpoint', port=443): Failed to resolve 'replace_indexer_endpoint' ([Errno 11001] getaddrinfo failed)\"))"}}
{"ts": "2026-02-05T22:15:47.485392", "event_type": "loop_error", "payload": {"error": "HTTPSConnectionPool(host='replace_indexer_endpoint', port=443): Max retries exceeded with url: /tokens/top?top_n=25&window=5m (Caused by NameResolutionError(\"HTTPSConnection(host='replace_indexer_endpoint', port=443): Failed to resolve 'replace_indexer_endpoint' ([Errno 11001] getaddrinfo failed)\"))"}}
{"ts": "2026-02-05T22:15:51.327846", "event_type": "loop_error", "payload": {"error": "HTTPSConnectionPool(host='replace_indexer_endpoint', port=443): Max retries exceeded with url: /tokens/top?top_n=25&window=5m (Caused by NameResolutionError(\"HTTPSConnection(host='replace_indexer_endpoint', port=443): Failed to resolve 'replace_indexer_endpoint' ([Errno 11001] getaddrinfo failed)\"))"}}
{"ts": "2026-02-05T22:15:55.175646", "event_type": "loop_error", "payload": {"error": "HTTPSConnectionPool(host='replace_indexer_endpoint', port=443): Max retries exceeded with url: /tokens/top?top_n=25&window=5m (Caused by NameResolutionError(\"HTTPSConnection(host='replace_indexer_endpoint', port=443): Failed to resolve 'replace_indexer_endpoint' ([Errno 11001] getaddrinfo failed)\"))"}}
{"ts": "2026-02-05T22:15:59.020027", "event_type": "loop_error", "payload": {"error": "HTTPSConnectionPool(host='replace_indexer_endpoint', port=443): Max retries exceeded with url: /tokens/top?top_n=25&window=5m (Caused by NameResolutionError(\"HTTPSConnection(host='replace_indexer_endpoint', port=443): Failed to resolve 'replace_indexer_endpoint' ([Errno 11001] getaddrinfo failed)\"))"}}
{"ts": "2026-02-05T22:28:16.918004", "event_type": "bot_start", "payload": {"mode": "paper", "state": {"mode": "RUN", "pause_until_iso": null, "pause_reason": null, "daily_pnl_usd": 0.0, "hourly_pnl_usd": 0.0, "trades_today": 0, "last_trade_ts_iso": null, "active_position": null, "last_price_ts_iso": null, "safe_reason": null}}}
{"ts": "2026-02-05T22:28:17.639846", "event_type": "entry_rejected", "payload": {"reason": "slippage_limit", "symbol": "SOL"}}
{"ts": "2026-02-05T22:28:21.150737", "event_type": "entry_rejected", "payload": {"reason": "slippage_limit", "symbol": "SOL"}}
{"ts": "2026-02-05T22:28:24.633246", "event_type": "entry_rejected", "payload": {"reason": "slippage_limit", "symbol": "SOL"}}
{"ts": "2026-02-05T22:28:29.112968", "event_type": "entry_rejected", "payload": {"reason": "slippage_limit", "symbol": "SOL"}}
{"ts": "2026-02-05T22:28:32.583151", "event_type": "entry_rejected", "payload": {"reason": "slippage_limit", "symbol": "SOL"}}
{"ts": "2026-02-05T22:28:36.053363", "event_type": "entry_rejected", "payload": {"reason": "slippage_limit", "symbol": "SOL"}}
{"ts": "2026-02-05T22:28:39.544588", "event_type": "entry_rejected", "payload": {"reason": "slippage_limit", "symbol": "SOL"}}
{"ts": "2026-02-05T22:28:43.029175", "event_type": "entry_rejected", "payload": {"reason": "slippage_limit", "symbol": "SOL"}}
{"ts": "2026-02-05T22:28:46.512159", "event_type": "entry_rejected", "payload": {"reason": "slippage_limit", "symbol": "SOL"}}
{"ts": "2026-02-05T22:28:50.259904", "event_type": "entry_rejected", "payload": {"reason": "slippage_limit", "symbol": "SOL"}}
{"ts": "2026-02-05T22:28:53.702136", "event_type": "entry_rejected", "payload": {"reason": "slippage_limit", "symbol": "SOL"}}
{"ts": "2026-02-05T22:28:57.151489", "event_type": "entry_rejected", "payload": {"reason": "slippage_limit", "symbol": "SOL"}}
{"ts": "2026-02-05T22:29:00.674226", "event_type": "entry_rejected", "payload": {"reason": "slippage_limit", "symbol": "SOL"}}
{"ts": "2026-02-05T22:29:04.164839", "event_type": "entry_rejected", "payload": {"reason": "slippage_limit", "symbol": "SOL"}}
{"ts": "2026-02-05T22:29:07.623812", "event_type": "entry_rejected", "payload": {"reason": "slippage_limit", "symbol": "SOL"}}
{"ts": "2026-02-05T22:29:11.098174", "event_type": "entry_rejected", "payload": {"reason": "slippage_limit", "symbol": "SOL"}}
{"ts": "2026-02-05T22:29:14.543476", "event_type": "entry_rejected", "payload": {"reason": "slippage_limit", "symbol": "SOL"}}
{"ts": "2026-02-05T22:29:17.992112", "event_type": "entry_rejected", "payload": {"reason": "slippage_limit", "symbol": "SOL"}}
{"ts": "2026-02-05T22:29:21.738978", "event_type": "entry_rejected", "payload": {"reason": "slippage_limit", "symbol": "SOL"}}
{"ts": "2026-02-05T22:29:25.206676", "event_type": "entry_rejected", "payload": {"reason": "slippage_limit", "symbol": "SOL"}}
{"ts": "2026-02-05T22:29:28.677792", "event_type": "entry_rejected", "payload": {"reason": "slippage_limit", "symbol": "SOL"}}
{"ts": "2026-02-05T22:29:32.141489", "event_type": "entry_rejected", "payload": {"reason": "slippage_limit", "symbol": "SOL"}}
{"ts": "2026-02-05T22:29:35.618836", "event_type": "entry_rejected", "payload": {"reason": "slippage_limit", "symbol": "SOL"}}
{"ts": "2026-02-05T22:29:40.091847", "event_type": "entry_rejected", "payload": {"reason": "slippage_limit", "symbol": "SOL"}}
{"ts": "2026-02-05T22:29:43.541882", "event_type": "entry_rejected", "payload": {"reason": "slippage_limit", "symbol": "SOL"}}
{"ts": "2026-02-05T22:29:47.067900", "event_type": "entry_rejected", "payload": {"reason": "slippage_limit", "symbol": "SOL"}}
{"ts": "2026-02-05T22:29:50.542346", "event_type": "entry_rejected", "payload": {"reason": "slippage_limit", "symbol": "SOL"}}
{"ts": "2026-02-05T22:29:54.189317", "event_type": "loop_error", "payload": {"error": "Object of type datetime is not JSON serializable"}}
{"ts": "2026-02-05T22:35:52.480211", "event_type": "bot_start", "payload": {"mode": "paper", "state": {"mode": "PAUSE", "pause_until_iso": "2026-02-06T04:35:18.589657+00:00", "pause_reason": "dashboard_manual", "daily_pnl_usd": 0.0, "hourly_pnl_usd": 0.0, "trades_today": 0, "last_trade_ts_iso": null, "active_position": null, "last_price_ts_iso": "2026-02-05T22:29:50.069723", "safe_reason": null}}}
{"ts": "2026-02-05T22:35:52.480789", "event_type": "resume_run", "payload": {"at": "2026-02-05T22:35:52.480559"}}
{"ts": "2026-02-05T22:35:53.178386", "event_type": "loop_error", "payload": {"error": "Object of type datetime is not JSON serializable"}}
{"ts": "2026-02-05T22:36:44.328433", "event_type": "bot_start", "payload": {"mode": "paper", "state": {"mode": "PAUSE", "pause_until_iso": "2026-02-06T04:35:18.589657+00:00", "pause_reason": "dashboard_manual", "daily_pnl_usd": 0.0, "hourly_pnl_usd": 0.0, "trades_today": 0, "last_trade_ts_iso": null, "active_position": null, "last_price_ts_iso": "2026-02-05T22:29:50.069723", "safe_reason": null}}}
{"ts": "2026-02-05T22:36:44.329126", "event_type": "resume_run", "payload": {"at": "2026-02-05T22:36:44.328782"}}
{"ts": "2026-02-05T22:36:44.995314", "event_type": "loop_error", "payload": {"error": "Object of type datetime is not JSON serializable"}}
{"ts": "2026-02-05T22:41:19.083627", "event_type": "bot_start", "payload": {"mode": "paper", "state": {"mode": "PAUSE", "pause_until_iso": "2026-02-06T04:35:18.589657+00:00", "pause_reason": "dashboard_manual", "daily_pnl_usd": 0.0, "hourly_pnl_usd": 0.0, "trades_today": 0, "last_trade_ts_iso": null, "active_position": null, "last_price_ts_iso": "2026-02-05T22:29:50.069723", "safe_reason": null}}}
{"ts": "2026-02-05T22:41:19.084225", "event_type": "resume_run", "payload": {"at": "2026-02-05T22:41:19.083957"}}
{"ts": "2026-02-05T22:41:19.832513", "event_type": "entry_rejected", "payload": {"reason": "slippage_limit", "symbol": "SOL"}}
{"ts": "2026-02-05T22:41:23.476973", "event_type": "entry_rejected", "payload": {"reason": "slippage_limit", "symbol": "SOL"}}
{"ts": "2026-02-05T22:41:27.096771", "event_type": "entry_rejected", "payload": {"reason": "slippage_limit", "symbol": "SOL"}}
{"ts": "2026-02-05T22:41:30.711048", "event_type": "entry_rejected", "payload": {"reason": "slippage_limit", "symbol": "SOL"}}
{"ts": "2026-02-05T22:41:34.444654", "event_type": "entry_rejected", "payload": {"reason": "slippage_limit", "symbol": "SOL"}}
{"ts": "2026-02-05T22:41:38.101306", "event_type": "entry_rejected", "payload": {"reason": "slippage_limit", "symbol": "SOL"}}
{"ts": "2026-02-05T22:41:41.709202", "event_type": "entry_rejected", "payload": {"reason": "slippage_limit", "symbol": "SOL"}}
{"ts": "2026-02-05T22:41:45.312625", "event_type": "entry_rejected", "payload": {"reason": "slippage_limit", "symbol": "SOL"}}
{"ts": "2026-02-05T22:41:48.801927", "event_type": "entry_rejected", "payload": {"reason": "slippage_limit", "symbol": "SOL"}}
{"ts": "2026-02-05T22:41:52.565202", "event_type": "entry_rejected", "payload": {"reason": "slippage_limit", "symbol": "SOL"}}
{"ts": "2026-02-05T22:41:56.184947", "event_type": "entry_rejected", "payload": {"reason": "slippage_limit", "symbol": "SOL"}}
{"ts": "2026-02-05T22:41:59.773736", "event_type": "entry_rejected", "payload": {"reason": "slippage_limit", "symbol": "SOL"}}
{"ts": "2026-02-05T22:42:03.352615", "event_type": "entry_rejected", "payload": {"reason": "slippage_limit", "symbol": "SOL"}}
{"ts": "2026-02-05T22:42:07.199920", "event_type": "entry_rejected", "payload": {"reason": "slippage_limit", "symbol": "SOL"}}
{"ts": "2026-02-05T22:42:10.832505", "event_type": "entry_rejected", "payload": {"reason": "slippage_limit", "symbol": "SOL"}}
{"ts": "2026-02-05T22:42:14.449663", "event_type": "entry_rejected", "payload": {"reason": "slippage_limit", "symbol": "SOL"}}
{"ts": "2026-02-05T22:42:17.916040", "event_type": "entry_rejected", "payload": {"reason": "slippage_limit", "symbol": "SOL"}}
{"ts": "2026-02-05T22:42:21.392566", "event_type": "entry_rejected", "payload": {"reason": "slippage_limit", "symbol": "SOL"}}
{"ts": "2026-02-05T22:42:27.906842", "event_type": "entry_rejected", "payload": {"reason": "slippage_limit", "symbol": "SOL"}}
{"ts": "2026-02-05T22:42:31.393366", "event_type": "entry_rejected", "payload": {"reason": "slippage_limit", "symbol": "SOL"}}
{"ts": "2026-02-05T22:42:34.877003", "event_type": "entry_rejected", "payload": {"reason": "slippage_limit", "symbol": "SOL"}}
{"ts": "2026-02-05T22:42:39.456113", "event_type": "entry_rejected", "payload": {"reason": "slippage_limit", "symbol": "SOL"}}
{"ts": "2026-02-05T22:42:42.926947", "event_type": "entry_rejected", "payload": {"reason": "slippage_limit", "symbol": "SOL"}}
{"ts": "2026-02-05T22:42:46.414594", "event_type": "entry_rejected", "payload": {"reason": "slippage_limit", "symbol": "SOL"}}
{"ts": "2026-02-05T22:42:49.907576", "event_type": "entry_rejected", "payload": {"reason": "slippage_limit", "symbol": "SOL"}}
{"ts": "2026-02-05T22:42:53.413306", "event_type": "entry_rejected", "payload": {"reason": "slippage_limit", "symbol": "SOL"}}
{"ts": "2026-02-05T22:42:56.895630", "event_type": "entry_rejected", "payload": {"reason": "slippage_limit", "symbol": "SOL"}}
{"ts": "2026-02-05T22:43:00.372815", "event_type": "entry_rejected", "payload": {"reason": "slippage_limit", "symbol": "SOL"}}
{"ts": "2026-02-05T22:43:03.826659", "event_type": "entry_rejected", "payload": {"reason": "slippage_limit", "symbol": "SOL"}}
{"ts": "2026-02-05T22:43:07.295492", "event_type": "entry_rejected", "payload": {"reason": "slippage_limit", "symbol": "SOL"}}
{"ts": "2026-02-05T22:43:10.971096", "event_type": "entry_rejected", "payload": {"reason": "slippage_limit", "symbol": "SOL"}}
{"ts": "2026-02-05T22:43:14.440462", "event_type": "entry_rejected", "payload": {"reason": "slippage_limit", "symbol": "SOL"}}
{"ts": "2026-02-05T22:43:17.932158", "event_type": "entry_rejected", "payload": {"reason": "slippage_limit", "symbol": "SOL"}}
{"ts": "2026-02-05T22:43:21.413010", "event_type": "entry_rejected", "payload": {"reason": "slippage_limit", "symbol": "SOL"}}
{"ts": "2026-02-05T22:43:24.914277", "event_type": "entry_rejected", "payload": {"reason": "slippage_limit", "symbol": "SOL"}}
{"ts": "2026-02-05T22:43:28.441006", "event_type": "entry_rejected", "payload": {"reason": "slippage_limit", "symbol": "SOL"}}
{"ts": "2026-02-05T22:43:31.917791", "event_type": "entry_rejected", "payload": {"reason": "slippage_limit", "symbol": "SOL"}}
{"ts": "2026-02-05T22:43:35.391139", "event_type": "entry_rejected", "payload": {"reason": "slippage_limit", "symbol": "SOL"}}
{"ts": "2026-02-05T22:43:38.866071", "event_type": "entry_rejected", "payload": {"reason": "slippage_limit", "symbol": "SOL"}}
{"ts": "2026-02-05T22:43:42.603822", "event_type": "entry_rejected", "payload": {"reason": "slippage_limit", "symbol": "SOL"}}
{"ts": "2026-02-05T22:43:46.073469", "event_type": "entry_rejected", "payload": {"reason": "slippage_limit", "symbol": "SOL"}}
{"ts": "2026-02-05T22:43:49.530989", "event_type": "entry_rejected", "payload": {"reason": "slippage_limit", "symbol": "SOL"}}
{"ts": "2026-02-05T22:43:53.000229", "event_type": "entry_rejected", "payload": {"reason": "slippage_limit", "symbol": "SOL"}}
{"ts": "2026-02-05T22:43:56.499739", "event_type": "entry_rejected", "payload": {"reason": "slippage_limit", "symbol": "SOL"}}
{"ts": "2026-02-05T22:43:59.973715", "event_type": "entry_rejected", "payload": {"reason": "slippage_limit", "symbol": "SOL"}}
{"ts": "2026-02-05T22:44:03.474832", "event_type": "entry_rejected", "payload": {"reason": "slippage_limit", "symbol": "SOL"}}
{"ts": "2026-02-05T22:44:06.965348", "event_type": "entry_rejected", "payload": {"reason": "slippage_limit", "symbol": "SOL"}}
{"ts": "2026-02-05T22:44:10.436869", "event_type": "entry_rejected", "payload": {"reason": "slippage_limit", "symbol": "SOL"}}
{"ts": "2026-02-05T22:44:14.197390", "event_type": "entry_rejected", "payload": {"reason": "slippage_limit", "symbol": "SOL"}}
{"ts": "2026-02-05T22:44:17.678527", "event_type": "entry_rejected", "payload": {"reason": "slippage_limit", "symbol": "SOL"}}
{"ts": "2026-02-05T22:44:21.130375", "event_type": "entry_rejected", "payload": {"reason": "slippage_limit", "symbol": "SOL"}}
{"ts": "2026-02-05T22:44:24.611999", "event_type": "entry_rejected", "payload": {"reason": "slippage_limit", "symbol": "SOL"}}
{"ts": "2026-02-05T22:44:28.120638", "event_type": "entry_rejected", "payload": {"reason": "slippage_limit", "symbol": "SOL"}}
{"ts": "2026-02-05T22:44:31.642305", "event_type": "entry_rejected", "payload": {"reason": "slippage_limit", "symbol": "SOL"}}
{"ts": "2026-02-05T22:44:35.117214", "event_type": "entry_rejected", "payload": {"reason": "slippage_limit", "symbol": "SOL"}}
{"ts": "2026-02-05T22:44:38.598227", "event_type": "entry_rejected", "payload": {"reason": "slippage_limit", "symbol": "SOL"}}
{"ts": "2026-02-05T22:44:42.092886", "event_type": "entry_rejected", "payload": {"reason": "slippage_limit", "symbol": "SOL"}}
{"ts": "2026-02-05T22:44:45.783876", "event_type": "entry_rejected", "payload": {"reason": "slippage_limit", "symbol": "SOL"}}
{"ts": "2026-02-05T22:44:49.294336", "event_type": "entry_rejected", "payload": {"reason": "slippage_limit", "symbol": "SOL"}}
{"ts": "2026-02-05T22:44:52.802011", "event_type": "entry_rejected", "payload": {"reason": "slippage_limit", "symbol": "SOL"}}
{"ts": "2026-02-05T22:44:56.310924", "event_type": "entry_rejected", "payload": {"reason": "slippage_limit", "symbol": "SOL"}}
{"ts": "2026-02-05T22:44:59.780598", "event_type": "entry_rejected", "payload": {"reason": "slippage_limit", "symbol": "SOL"}}
{"ts": "2026-02-05T22:45:03.303277", "event_type": "entry_rejected", "payload": {"reason": "slippage_limit", "symbol": "SOL"}}
{"ts": "2026-02-05T22:45:06.781574", "event_type": "entry_rejected", "payload": {"reason": "slippage_limit", "symbol": "SOL"}}
{"ts": "2026-02-05T22:45:10.277115", "event_type": "entry_rejected", "payload": {"reason": "slippage_limit", "symbol": "SOL"}}
{"ts": "2026-02-05T22:45:13.748549", "event_type": "entry_rejected", "payload": {"reason": "slippage_limit", "symbol": "SOL"}}
{"ts": "2026-02-05T22:45:17.521166", "event_type": "entry_rejected", "payload": {"reason": "slippage_limit", "symbol": "SOL"}}
{"ts": "2026-02-05T22:45:20.976492", "event_type": "entry_rejected", "payload": {"reason": "slippage_limit", "symbol": "SOL"}}
{"ts": "2026-02-05T22:45:24.469769", "event_type": "entry_rejected", "payload": {"reason": "slippage_limit", "symbol": "SOL"}}
{"ts": "2026-02-05T22:45:28.102350", "event_type": "entry_rejected", "payload": {"reason": "slippage_limit", "symbol": "SOL"}}
{"ts": "2026-02-05T22:45:31.664874", "event_type": "entry_rejected", "payload": {"reason": "slippage_limit", "symbol": "SOL"}}
{"ts": "2026-02-05T22:46:51.095160", "event_type": "bot_start", "payload": {"mode": "paper", "state": {"mode": "RUN", "pause_until_iso": null, "pause_reason": null, "daily_pnl_usd": 0.0, "hourly_pnl_usd": 0.0, "trades_today": 0, "last_trade_ts_iso": null, "active_position": null, "last_price_ts_iso": "2026-02-05T22:45:31.103655", "safe_reason": null}}}
{"ts": "2026-02-05T22:46:51.766954", "event_type": "entry_rejected", "payload": {"reason": "slippage_limit", "symbol": "SOL"}}
{"ts": "2026-02-05T22:46:55.227259", "event_type": "entry_rejected", "payload": {"reason": "slippage_limit", "symbol": "SOL"}}
{"ts": "2026-02-05T22:46:58.722370", "event_type": "entry_rejected", "payload": {"reason": "slippage_limit", "symbol": "SOL"}}
{"ts": "2026-02-05T22:47:03.217582", "event_type": "entry_rejected", "payload": {"reason": "slippage_limit", "symbol": "SOL"}}
{"ts": "2026-02-05T22:47:06.710371", "event_type": "entry_rejected", "payload": {"reason": "slippage_limit", "symbol": "SOL"}}
{"ts": "2026-02-05T22:47:10.185641", "event_type": "entry_rejected", "payload": {"reason": "slippage_limit", "symbol": "SOL"}}
{"ts": "2026-02-05T22:47:13.636349", "event_type": "entry_rejected", "payload": {"reason": "slippage_limit", "symbol": "SOL"}}
{"ts": "2026-02-05T22:47:17.210722", "event_type": "entry_rejected", "payload": {"reason": "slippage_limit", "symbol": "SOL"}}
{"ts": "2026-02-05T22:47:20.768616", "event_type": "entry_rejected", "payload": {"reason": "slippage_limit", "symbol": "SOL"}}
{"ts": "2026-02-05T22:47:24.634623", "event_type": "entry_rejected", "payload": {"reason": "slippage_limit", "symbol": "SOL"}}
{"ts": "2026-02-05T22:47:28.269790", "event_type": "entry_rejected", "payload": {"reason": "slippage_limit", "symbol": "SOL"}}
{"ts": "2026-02-05T22:47:31.926515", "event_type": "entry_rejected", "payload": {"reason": "slippage_limit", "symbol": "SOL"}}
{"ts": "2026-02-05T22:47:35.375657", "event_type": "entry_rejected", "payload": {"reason": "slippage_limit", "symbol": "SOL"}}
{"ts": "2026-02-05T22:47:39.003414", "event_type": "entry_rejected", "payload": {"reason": "slippage_limit", "symbol": "SOL"}}
{"ts": "2026-02-05T22:47:42.596587", "event_type": "entry_rejected", "payload": {"reason": "slippage_limit", "symbol": "SOL"}}
{"ts": "2026-02-05T22:47:46.190810", "event_type": "entry_rejected", "payload": {"reason": "slippage_limit", "symbol": "SOL"}}
{"ts": "2026-02-05T22:47:49.894060", "event_type": "entry_rejected", "payload": {"reason": "slippage_limit", "symbol": "SOL"}}
{"ts": "2026-02-05T22:47:53.480793", "event_type": "entry_rejected", "payload": {"reason": "slippage_limit", "symbol": "SOL"}}
{"ts": "2026-02-05T22:47:57.115862", "event_type": "entry_rejected", "payload": {"reason": "slippage_limit", "symbol": "SOL"}}
{"ts": "2026-02-05T22:48:00.595058", "event_type": "entry_rejected", "payload": {"reason": "slippage_limit", "symbol": "SOL"}}
{"ts": "2026-02-05T22:48:05.068983", "event_type": "entry_rejected", "payload": {"reason": "slippage_limit", "symbol": "SOL"}}
{"ts": "2026-02-05T22:48:08.538387", "event_type": "entry_rejected", "payload": {"reason": "slippage_limit", "symbol": "SOL"}}
{"ts": "2026-02-05T22:48:12.013500", "event_type": "entry_rejected", "payload": {"reason": "slippage_limit", "symbol": "SOL"}}
{"ts": "2026-02-05T22:48:18.458979", "event_type": "bot_start", "payload": {"mode": "paper", "state": {"mode": "RUN", "pause_until_iso": null, "pause_reason": null, "daily_pnl_usd": 0.0, "hourly_pnl_usd": 0.0, "trades_today": 0, "last_trade_ts_iso": null, "active_position": null, "last_price_ts_iso": "2026-02-05T22:48:11.539981", "safe_reason": null}}}
{"ts": "2026-02-05T22:48:18.951299", "event_type": "entry_rejected", "payload": {"reason": "slippage_limit", "symbol": "SOL"}}
{"ts": "2026-02-05T22:48:22.632959", "event_type": "entry_rejected", "payload": {"reason": "slippage_limit", "symbol": "SOL"}}
{"ts": "2026-02-05T22:48:26.274025", "event_type": "entry_rejected", "payload": {"reason": "slippage_limit", "symbol": "SOL"}}
{"ts": "2026-02-05T22:48:30.086550", "event_type": "entry_rejected", "payload": {"reason": "slippage_limit", "symbol": "SOL"}}
{"ts": "2026-02-05T22:48:33.554462", "event_type": "entry_rejected", "payload": {"reason": "slippage_limit", "symbol": "SOL"}}
{"ts": "2026-02-05T22:48:37.017200", "event_type": "entry_rejected", "payload": {"reason": "slippage_limit", "symbol": "SOL"}}
{"ts": "2026-02-05T22:48:40.503001", "event_type": "entry_rejected", "payload": {"reason": "slippage_limit", "symbol": "SOL"}}
{"ts": "2026-02-05T22:48:43.961223", "event_type": "entry_rejected", "payload": {"reason": "slippage_limit", "symbol": "SOL"}}
{"ts": "2026-02-05T22:48:47.437578", "event_type": "entry_rejected", "payload": {"reason": "slippage_limit", "symbol": "SOL"}}
{"ts": "2026-02-05T22:48:50.901916", "event_type": "entry_rejected", "payload": {"reason": "slippage_limit", "symbol": "SOL"}}
{"ts": "2026-02-05T22:48:54.677870", "event_type": "entry_rejected", "payload": {"reason": "slippage_limit", "symbol": "SOL"}}
{"ts": "2026-02-05T22:48:58.149435", "event_type": "entry_rejected", "payload": {"reason": "slippage_limit", "symbol": "SOL"}}
{"ts": "2026-02-05T22:49:01.621045", "event_type": "entry_rejected", "payload": {"reason": "slippage_limit", "symbol": "SOL"}}
{"ts": "2026-02-05T22:49:05.134053", "event_type": "entry_rejected", "payload": {"reason": "slippage_limit", "symbol": "SOL"}}
{"ts": "2026-02-05T22:49:08.586644", "event_type": "entry_rejected", "payload": {"reason": "slippage_limit", "symbol": "SOL"}}
{"ts": "2026-02-05T22:49:12.093757", "event_type": "entry_rejected", "payload": {"reason": "slippage_limit", "symbol": "SOL"}}
{"ts": "2026-02-05T22:49:15.579805", "event_type": "entry_rejected", "payload": {"reason": "slippage_limit", "symbol": "SOL"}}
{"ts": "2026-02-05T22:49:19.063712", "event_type": "entry_rejected", "payload": {"reason": "slippage_limit", "symbol": "SOL"}}
{"ts": "2026-02-05T22:49:22.531520", "event_type": "entry_rejected", "payload": {"reason": "slippage_limit", "symbol": "SOL"}}
{"ts": "2026-02-05T22:49:26.223774", "event_type": "entry_rejected", "payload": {"reason": "slippage_limit", "symbol": "SOL"}}
{"ts": "2026-02-05T22:49:29.712064", "event_type": "entry_rejected", "payload": {"reason": "slippage_limit", "symbol": "SOL"}}
{"ts": "2026-02-05T22:49:33.181003", "event_type": "entry_rejected", "payload": {"reason": "slippage_limit", "symbol": "SOL"}}
{"ts": "2026-02-05T22:49:36.634691", "event_type": "entry_rejected", "payload": {"reason": "slippage_limit", "symbol": "SOL"}}
{"ts": "2026-02-05T22:49:40.125409", "event_type": "entry_rejected", "payload": {"reason": "slippage_limit", "symbol": "SOL"}}
{"ts": "2026-02-05T22:49:43.620189", "event_type": "entry_rejected", "payload": {"reason": "slippage_limit", "symbol": "SOL"}}
{"ts": "2026-02-05T22:49:47.078038", "event_type": "entry_rejected", "payload": {"reason": "slippage_limit", "symbol": "SOL"}}
{"ts": "2026-02-05T22:49:50.581529", "event_type": "entry_rejected", "payload": {"reason": "slippage_limit", "symbol": "SOL"}}
{"ts": "2026-02-05T22:49:54.051448", "event_type": "entry_rejected", "payload": {"reason": "slippage_limit", "symbol": "SOL"}}
{"ts": "2026-02-05T22:49:57.720809", "event_type": "entry_rejected", "payload": {"reason": "slippage_limit", "symbol": "SOL"}}
{"ts": "2026-02-05T22:50:01.179476", "event_type": "entry_rejected", "payload": {"reason": "slippage_limit", "symbol": "SOL"}}
{"ts": "2026-02-05T22:50:04.639137", "event_type": "entry_rejected", "payload": {"reason": "slippage_limit", "symbol": "SOL"}}
{"ts": "2026-02-05T22:50:08.120412", "event_type": "entry_rejected", "payload": {"reason": "slippage_limit", "symbol": "SOL"}}
{"ts": "2026-02-05T22:50:11.574463", "event_type": "entry_rejected", "payload": {"reason": "slippage_limit", "symbol": "SOL"}}
{"ts": "2026-02-05T22:50:15.075341", "event_type": "entry_rejected", "payload": {"reason": "slippage_limit", "symbol": "SOL"}}
{"ts": "2026-02-05T22:50:18.540068", "event_type": "entry_rejected", "payload": {"reason": "slippage_limit", "symbol": "SOL"}}
{"ts": "2026-02-05T22:50:22.012923", "event_type": "entry_rejected", "payload": {"reason": "slippage_limit", "symbol": "SOL"}}
{"ts": "2026-02-05T22:50:26.469955", "event_type": "entry_rejected", "payload": {"reason": "slippage_limit", "symbol": "SOL"}}
{"ts": "2026-02-05T22:50:33.533251", "event_type": "loop_error", "payload": {"error": "unsupported operand type(s) for -: 'datetime.datetime' and 'str'"}}
{"ts": "2026-02-05T22:50:37.004261", "event_type": "loop_error", "payload": {"error": "unsupported operand type(s) for -: 'datetime.datetime' and 'str'"}}
{"ts": "2026-02-05T22:50:40.469418", "event_type": "loop_error", "payload": {"error": "unsupported operand type(s) for -: 'datetime.datetime' and 'str'"}}
{"ts": "2026-02-05T22:50:43.927764", "event_type": "loop_error", "payload": {"error": "unsupported operand type(s) for -: 'datetime.datetime' and 'str'"}}
{"ts": "2026-02-05T22:50:47.399833", "event_type": "loop_error", "payload": {"error": "unsupported operand type(s) for -: 'datetime.datetime' and 'str'"}}
{"ts": "2026-02-05T22:50:50.878448", "event_type": "loop_error", "payload": {"error": "unsupported operand type(s) for -: 'datetime.datetime' and 'str'"}}
{"ts": "2026-02-05T22:50:54.347875", "event_type": "loop_error", "payload": {"error": "unsupported operand type(s) for -: 'datetime.datetime' and 'str'"}}
{"ts": "2026-02-05T22:50:57.821303", "event_type": "loop_error", "payload": {"error": "unsupported operand type(s) for -: 'datetime.datetime' and 'str'"}}
{"ts": "2026-02-05T22:51:01.402944", "event_type": "loop_error", "payload": {"error": "unsupported operand type(s) for -: 'datetime.datetime' and 'str'"}}
{"ts": "2026-02-05T22:51:04.915336", "event_type": "loop_error", "payload": {"error": "unsupported operand type(s) for -: 'datetime.datetime' and 'str'"}}
{"ts": "2026-02-05T22:51:08.389055", "event_type": "loop_error", "payload": {"error": "unsupported operand type(s) for -: 'datetime.datetime' and 'str'"}}
{"ts": "2026-02-05T22:51:11.879433", "event_type": "loop_error", "payload": {"error": "unsupported operand type(s) for -: 'datetime.datetime' and 'str'"}}
{"ts": "2026-02-05T22:51:15.366508", "event_type": "loop_error", "payload": {"error": "unsupported operand type(s) for -: 'datetime.datetime' and 'str'"}}
{"ts": "2026-02-05T22:51:18.853375", "event_type": "loop_error", "payload": {"error": "unsupported operand type(s) for -: 'datetime.datetime' and 'str'"}}
{"ts": "2026-02-05T22:51:22.319772", "event_type": "loop_error", "payload": {"error": "unsupported operand type(s) for -: 'datetime.datetime' and 'str'"}}
{"ts": "2026-02-05T22:51:25.779336", "event_type": "loop_error", "payload": {"error": "unsupported operand type(s) for -: 'datetime.datetime' and 'str'"}}
{"ts": "2026-02-05T22:51:29.451608", "event_type": "loop_error", "payload": {"error": "unsupported operand type(s) for -: 'datetime.datetime' and 'str'"}}
{"ts": "2026-02-05T22:51:33.107144", "event_type": "loop_error", "payload": {"error": "unsupported operand type(s) for -: 'datetime.datetime' and 'str'"}}
{"ts": "2026-02-05T22:51:36.616899", "event_type": "loop_error", "payload": {"error": "unsupported operand type(s) for -: 'datetime.datetime' and 'str'"}}
{"ts": "2026-02-05T22:51:40.101117", "event_type": "loop_error", "payload": {"error": "unsupported operand type(s) for -: 'datetime.datetime' and 'str'"}}
{"ts": "2026-02-05T22:51:43.556665", "event_type": "loop_error", "payload": {"error": "unsupported operand type(s) for -: 'datetime.datetime' and 'str'"}}
{"ts": "2026-02-05T22:51:47.022481", "event_type": "loop_error", "payload": {"error": "unsupported operand type(s) for -: 'datetime.datetime' and 'str'"}}
{"ts": "2026-02-05T22:51:50.495932", "event_type": "loop_error", "payload": {"error": "unsupported operand type(s) for -: 'datetime.datetime' and 'str'"}}
{"ts": "2026-02-05T22:51:54.009893", "event_type": "loop_error", "payload": {"error": "unsupported operand type(s) for -: 'datetime.datetime' and 'str'"}}
{"ts": "2026-02-05T22:51:57.499671", "event_type": "loop_error", "payload": {"error": "unsupported operand type(s) for -: 'datetime.datetime' and 'str'"}}
{"ts": "2026-02-05T22:52:00.978264", "event_type": "loop_error", "payload": {"error": "unsupported operand type(s) for -: 'datetime.datetime' and 'str'"}}
{"ts": "2026-02-05T22:52:04.786436", "event_type": "loop_error", "payload": {"error": "unsupported operand type(s) for -: 'datetime.datetime' and 'str'"}}
{"ts": "2026-02-05T22:52:08.264952", "event_type": "loop_error", "payload": {"error": "unsupported operand type(s) for -: 'datetime.datetime' and 'str'"}}
{"ts": "2026-02-05T22:54:02.547673", "event_type": "bot_start", "payload": {"mode": "paper", "state": {"mode": "RUN", "pause_until_iso": null, "pause_reason": null, "daily_pnl_usd": 0.0, "hourly_pnl_usd": 0.0, "trades_today": 1, "last_trade_ts_iso": "2026-02-05T22:50:29.471643", "active_position": {"symbol": "SOL", "token_address": "DRLNhjM7jusYFPF1qade1dBD1qhgds7oAfdKs51Vpump", "size_usd": 2.0, "entry_price_usd": 5.62e-05, "opened_at": "2026-02-05T22:50:29.471643", "highest_unrealized_usd": 0.0, "quick_profit_taken": false, "last_scale_in_at": "2026-02-05T22:50:29.471643"}, "last_price_ts_iso": "2026-02-05T22:52:07.788347", "safe_reason": null}}}
{"ts": "2026-02-05T22:54:03.173640", "event_type": "loop_error", "payload": {"error": "unsupported operand type(s) for -: 'datetime.datetime' and 'str'"}}
{"ts": "2026-02-05T22:54:06.807975", "event_type": "loop_error", "payload": {"error": "unsupported operand type(s) for -: 'datetime.datetime' and 'str'"}}
{"ts": "2026-02-05T22:54:10.448256", "event_type": "loop_error", "payload": {"error": "unsupported operand type(s) for -: 'datetime.datetime' and 'str'"}}
{"ts": "2026-02-05T22:54:14.113843", "event_type": "loop_error", "payload": {"error": "unsupported operand type(s) for -: 'datetime.datetime' and 'str'"}}
{"ts": "2026-02-05T22:54:17.656139", "event_type": "loop_error", "payload": {"error": "unsupported operand type(s) for -: 'datetime.datetime' and 'str'"}}
{"ts": "2026-02-05T22:54:21.254753", "event_type": "loop_error", "payload": {"error": "unsupported operand type(s) for -: 'datetime.datetime' and 'str'"}}
{"ts": "2026-02-05T22:54:24.844665", "event_type": "loop_error", "payload": {"error": "unsupported operand type(s) for -: 'datetime.datetime' and 'str'"}}
{"ts": "2026-02-05T22:54:28.484859", "event_type": "loop_error", "payload": {"error": "unsupported operand type(s) for -: 'datetime.datetime' and 'str'"}}
{"ts": "2026-02-05T22:54:31.971843", "event_type": "loop_error", "payload": {"error": "unsupported operand type(s) for -: 'datetime.datetime' and 'str'"}}
{"ts": "2026-02-05T22:54:35.661785", "event_type": "loop_error", "payload": {"error": "unsupported operand type(s) for -: 'datetime.datetime' and 'str'"}}
{"ts": "2026-02-05T22:54:39.146076", "event_type": "loop_error", "payload": {"error": "unsupported operand type(s) for -: 'datetime.datetime' and 'str'"}}
{"ts": "2026-02-05T22:54:42.631093", "event_type": "loop_error", "payload": {"error": "unsupported operand type(s) for -: 'datetime.datetime' and 'str'"}}
{"ts": "2026-02-05T22:54:46.110384", "event_type": "loop_error", "payload": {"error": "unsupported operand type(s) for -: 'datetime.datetime' and 'str'"}}
{"ts": "2026-02-05T22:54:49.669074", "event_type": "loop_error", "payload": {"error": "unsupported operand type(s) for -: 'datetime.datetime' and 'str'"}}
{"ts": "2026-02-05T22:54:53.221698", "event_type": "loop_error", "payload": {"error": "unsupported operand type(s) for -: 'datetime.datetime' and 'str'"}}
{"ts": "2026-02-05T22:54:57.717981", "event_type": "loop_error", "payload": {"error": "unsupported operand type(s) for -: 'datetime.datetime' and 'str'"}}
{"ts": "2026-02-05T22:55:01.307776", "event_type": "loop_error", "payload": {"error": "unsupported operand type(s) for -: 'datetime.datetime' and 'str'"}}
{"ts": "2026-02-05T22:55:04.880882", "event_type": "loop_error", "payload": {"error": "unsupported operand type(s) for -: 'datetime.datetime' and 'str'"}}
{"ts": "2026-02-05T22:55:08.653044", "event_type": "loop_error", "payload": {"error": "unsupported operand type(s) for -: 'datetime.datetime' and 'str'"}}
{"ts": "2026-02-05T22:55:12.230151", "event_type": "loop_error", "payload": {"error": "unsupported operand type(s) for -: 'datetime.datetime' and 'str'"}}
{"ts": "2026-02-05T22:55:15.768326", "event_type": "loop_error", "payload": {"error": "unsupported operand type(s) for -: 'datetime.datetime' and 'str'"}}
{"ts": "2026-02-05T22:55:19.265868", "event_type": "loop_error", "payload": {"error": "unsupported operand type(s) for -: 'datetime.datetime' and 'str'"}}
{"ts": "2026-02-05T22:55:22.748159", "event_type": "loop_error", "payload": {"error": "unsupported operand type(s) for -: 'datetime.datetime' and 'str'"}}
{"ts": "2026-02-05T22:55:26.237042", "event_type": "loop_error", "payload": {"error": "unsupported operand type(s) for -: 'datetime.datetime' and 'str'"}}
{"ts": "2026-02-05T22:55:29.700799", "event_type": "loop_error", "payload": {"error": "unsupported operand type(s) for -: 'datetime.datetime' and 'str'"}}
{"ts": "2026-02-05T22:55:33.188630", "event_type": "loop_error", "payload": {"error": "unsupported operand type(s) for -: 'datetime.datetime' and 'str'"}}
{"ts": "2026-02-05T22:55:36.635171", "event_type": "loop_error", "payload": {"error": "unsupported operand type(s) for -: 'datetime.datetime' and 'str'"}}
{"ts": "2026-02-05T22:55:40.272940", "event_type": "loop_error", "payload": {"error": "unsupported operand type(s) for -: 'datetime.datetime' and 'str'"}}
{"ts": "2026-02-05T22:55:43.745254", "event_type": "loop_error", "payload": {"error": "unsupported operand type(s) for -: 'datetime.datetime' and 'str'"}}
{"ts": "2026-02-05T22:55:47.239259", "event_type": "loop_error", "payload": {"error": "unsupported operand type(s) for -: 'datetime.datetime' and 'str'"}}
{"ts": "2026-02-05T22:55:50.727391", "event_type": "loop_error", "payload": {"error": "unsupported operand type(s) for -: 'datetime.datetime' and 'str'"}}
{"ts": "2026-02-05T22:55:54.216715", "event_type": "loop_error", "payload": {"error": "unsupported operand type(s) for -: 'datetime.datetime' and 'str'"}}
{"ts": "2026-02-05T22:55:57.680653", "event_type": "loop_error", "payload": {"error": "unsupported operand type(s) for -: 'datetime.datetime' and 'str'"}}
{"ts": "2026-02-05T22:56:01.133713", "event_type": "loop_error", "payload": {"error": "unsupported operand type(s) for -: 'datetime.datetime' and 'str'"}}
{"ts": "2026-02-05T22:56:04.591601", "event_type": "loop_error", "payload": {"error": "unsupported operand type(s) for -: 'datetime.datetime' and 'str'"}}
{"ts": "2026-02-05T22:56:08.090618", "event_type": "loop_error", "payload": {"error": "unsupported operand type(s) for -: 'datetime.datetime' and 'str'"}}
{"ts": "2026-02-05T22:56:11.854321", "event_type": "loop_error", "payload": {"error": "unsupported operand type(s) for -: 'datetime.datetime' and 'str'"}}
{"ts": "2026-02-05T22:56:15.326380", "event_type": "loop_error", "payload": {"error": "unsupported operand type(s) for -: 'datetime.datetime' and 'str'"}}
{"ts": "2026-02-05T22:56:18.817408", "event_type": "loop_error", "payload": {"error": "unsupported operand type(s) for -: 'datetime.datetime' and 'str'"}}
{"ts": "2026-02-05T22:56:22.299315", "event_type": "loop_error", "payload": {"error": "unsupported operand type(s) for -: 'datetime.datetime' and 'str'"}}
{"ts": "2026-02-05T22:56:25.774065", "event_type": "loop_error", "payload": {"error": "unsupported operand type(s) for -: 'datetime.datetime' and 'str'"}}
{"ts": "2026-02-05T22:56:29.251893", "event_type": "loop_error", "payload": {"error": "unsupported operand type(s) for -: 'datetime.datetime' and 'str'"}}
{"ts": "2026-02-05T22:56:32.704492", "event_type": "loop_error", "payload": {"error": "unsupported operand type(s) for -: 'datetime.datetime' and 'str'"}}
{"ts": "2026-02-05T22:56:36.181554", "event_type": "loop_error", "payload": {"error": "unsupported operand type(s) for -: 'datetime.datetime' and 'str'"}}
{"ts": "2026-02-05T22:56:39.646603", "event_type": "loop_error", "payload": {"error": "unsupported operand type(s) for -: 'datetime.datetime' and 'str'"}}
{"ts": "2026-02-05T22:56:43.341679", "event_type": "loop_error", "payload": {"error": "unsupported operand type(s) for -: 'datetime.datetime' and 'str'"}}
{"ts": "2026-02-05T22:56:46.887781", "event_type": "loop_error", "payload": {"error": "unsupported operand type(s) for -: 'datetime.datetime' and 'str'"}}
{"ts": "2026-02-05T22:56:50.348119", "event_type": "loop_error", "payload": {"error": "unsupported operand type(s) for -: 'datetime.datetime' and 'str'"}}
{"ts": "2026-02-05T22:56:53.879292", "event_type": "loop_error", "payload": {"error": "unsupported operand type(s) for -: 'datetime.datetime' and 'str'"}}
{"ts": "2026-02-05T22:56:57.362093", "event_type": "loop_error", "payload": {"error": "unsupported operand type(s) for -: 'datetime.datetime' and 'str'"}}
{"ts": "2026-02-05T22:57:00.832166", "event_type": "loop_error", "payload": {"error": "unsupported operand type(s) for -: 'datetime.datetime' and 'str'"}}
{"ts": "2026-02-05T22:57:04.285700", "event_type": "loop_error", "payload": {"error": "unsupported operand type(s) for -: 'datetime.datetime' and 'str'"}}
{"ts": "2026-02-05T22:57:07.794234", "event_type": "loop_error", "payload": {"error": "unsupported operand type(s) for -: 'datetime.datetime' and 'str'"}}
{"ts": "2026-02-05T22:57:11.274771", "event_type": "loop_error", "payload": {"error": "unsupported operand type(s) for -: 'datetime.datetime' and 'str'"}}
{"ts": "2026-02-05T22:57:14.932997", "event_type": "loop_error", "payload": {"error": "unsupported operand type(s) for -: 'datetime.datetime' and 'str'"}}
{"ts": "2026-02-05T22:57:18.454547", "event_type": "loop_error", "payload": {"error": "unsupported operand type(s) for -: 'datetime.datetime' and 'str'"}}
{"ts": "2026-02-05T22:57:21.929828", "event_type": "loop_error", "payload": {"error": "unsupported operand type(s) for -: 'datetime.datetime' and 'str'"}}
{"ts": "2026-02-05T22:57:25.397568", "event_type": "loop_error", "payload": {"error": "unsupported operand type(s) for -: 'datetime.datetime' and 'str'"}}
{"ts": "2026-02-05T22:57:28.857674", "event_type": "loop_error", "payload": {"error": "unsupported operand type(s) for -: 'datetime.datetime' and 'str'"}}
{"ts": "2026-02-05T22:57:33.493102", "event_type": "loop_error", "payload": {"error": "unsupported operand type(s) for -: 'datetime.datetime' and 'str'"}}
{"ts": "2026-02-05T22:57:37.100289", "event_type": "loop_error", "payload": {"error": "unsupported operand type(s) for -: 'datetime.datetime' and 'str'"}}
{"ts": "2026-02-05T22:57:40.744353", "event_type": "loop_error", "payload": {"error": "unsupported operand type(s) for -: 'datetime.datetime' and 'str'"}}
{"ts": "2026-02-05T22:57:44.378759", "event_type": "loop_error", "payload": {"error": "unsupported operand type(s) for -: 'datetime.datetime' and 'str'"}}
{"ts": "2026-02-05T22:57:48.225875", "event_type": "loop_error", "payload": {"error": "unsupported operand type(s) for -: 'datetime.datetime' and 'str'"}}
{"ts": "2026-02-05T22:57:51.869093", "event_type": "loop_error", "payload": {"error": "unsupported operand type(s) for -: 'datetime.datetime' and 'str'"}}
{"ts": "2026-02-05T22:57:55.544739", "event_type": "loop_error", "payload": {"error": "unsupported operand type(s) for -: 'datetime.datetime' and 'str'"}}
{"ts": "2026-02-05T22:57:59.019778", "event_type": "loop_error", "payload": {"error": "unsupported operand type(s) for -: 'datetime.datetime' and 'str'"}}
{"ts": "2026-02-05T22:58:39.793224", "event_type": "bot_start", "payload": {"mode": "paper", "state": {"mode": "RUN", "pause_until_iso": null, "pause_reason": null, "daily_pnl_usd": 0.0, "hourly_pnl_usd": 0.0, "trades_today": 1, "last_trade_ts_iso": "2026-02-05T22:50:29.471643", "active_position": {"symbol": "SOL", "token_address": "DRLNhjM7jusYFPF1qade1dBD1qhgds7oAfdKs51Vpump", "size_usd": 2.0, "entry_price_usd": 5.62e-05, "opened_at": "2026-02-05T22:50:29.471643", "highest_unrealized_usd": 0.0, "quick_profit_taken": false, "last_scale_in_at": "2026-02-05T22:50:29.471643"}, "last_price_ts_iso": "2026-02-05T22:57:58.546471", "safe_reason": null}}}
{"ts": "2026-02-05T22:58:40.466011", "event_type": "position_closed", "payload": {"reason": "max_hold", "pnl_usd": 0.0}}
{"ts": "2026-02-05T22:58:43.801772", "event_type": "entry_blocked", "payload": {"reason": "trade_cooldown"}}
{"ts": "2026-02-05T22:58:47.139102", "event_type": "entry_blocked", "payload": {"reason": "trade_cooldown"}}
{"ts": "2026-02-05T22:58:50.449888", "event_type": "entry_blocked", "payload": {"reason": "trade_cooldown"}}
{"ts": "2026-02-05T22:58:53.785416", "event_type": "entry_blocked", "payload": {"reason": "trade_cooldown"}}
{"ts": "2026-02-05T22:58:57.113570", "event_type": "entry_blocked", "payload": {"reason": "trade_cooldown"}}
